2026-04-23 15:10:27,357 INFO o.a.j.u.JMeterUtils: Setting Locale to en_EN
2026-04-23 15:10:27,510 INFO o.a.j.JMeter: Loading user properties from: user.properties
2026-04-23 15:10:27,512 INFO o.a.j.JMeter: Loading system properties from: system.properties
2026-04-23 15:10:27,514 INFO o.a.j.JMeter: Setting JMeter property: host=localhost
2026-04-23 15:10:27,514 INFO o.a.j.JMeter: Setting JMeter property: port=8080
2026-04-23 15:10:27,554 INFO o.a.j.JMeter: Copyright (c) 1998-2024 The Apache Software Foundation
2026-04-23 15:10:27,555 INFO o.a.j.JMeter: Version 5.6.3
2026-04-23 15:10:27,555 INFO o.a.j.JMeter: java.version=21.0.7
2026-04-23 15:10:27,556 INFO o.a.j.JMeter: java.vm.name=Java HotSpot(TM) 64-Bit Server VM
2026-04-23 15:10:27,556 INFO o.a.j.JMeter: os.name=Windows 11
2026-04-23 15:10:27,556 INFO o.a.j.JMeter: os.arch=amd64
2026-04-23 15:10:27,558 INFO o.a.j.JMeter: os.version=10.0
2026-04-23 15:10:27,567 INFO o.a.j.JMeter: file.encoding=UTF-8
2026-04-23 15:10:27,568 INFO o.a.j.JMeter: java.awt.headless=true
2026-04-23 15:10:27,568 INFO o.a.j.JMeter: Max memory     =1073741824
2026-04-23 15:10:27,569 INFO o.a.j.JMeter: Available Processors =12
2026-04-23 15:10:27,631 INFO o.a.j.JMeter: Default Locale=English (EN)
2026-04-23 15:10:27,633 INFO o.a.j.JMeter: JMeter  Locale=English (EN)
2026-04-23 15:10:27,634 INFO o.a.j.JMeter: JMeterHome=C:\Adpro\advprog-modul7-profiling\apache-jmeter-5.6.3\apache-jmeter-5.6.3
2026-04-23 15:10:27,634 INFO o.a.j.JMeter: user.dir  =C:\Adpro\advprog-modul7-profiling\apache-jmeter-5.6.3\apache-jmeter-5.6.3\bin
2026-04-23 15:10:27,636 INFO o.a.j.JMeter: PWD       =C:\Adpro\advprog-modul7-profiling\apache-jmeter-5.6.3\apache-jmeter-5.6.3\bin
2026-04-23 15:10:27,644 INFO o.a.j.JMeter: IP: 192.168.68.182 Name: soelistiono FullName: soelistiono
2026-04-23 15:10:27,729 INFO o.a.j.JMeter: Setting property 'jmeter.reportgenerator.outputdir' to:'C:\Adpro\advprog-modul7-profiling\jmeter\results\test_plan_3-dashboard'
2026-04-23 15:10:27,738 INFO o.a.j.s.FileServer: Default base='C:\Adpro\advprog-modul7-profiling\apache-jmeter-5.6.3\apache-jmeter-5.6.3\bin'
2026-04-23 15:10:27,746 INFO o.a.j.s.FileServer: Set new base='C:\Adpro\advprog-modul7-profiling\jmeter'
2026-04-23 15:10:29,654 INFO o.a.j.s.SaveService: Testplan (JMX) version: 2.2. Testlog (JTL) version: 2.2
2026-04-23 15:10:29,996 INFO o.a.j.s.SaveService: Using SaveService properties version 5.0
2026-04-23 15:10:30,034 INFO o.a.j.s.SaveService: Using SaveService properties file encoding UTF-8
2026-04-23 15:10:30,114 INFO o.a.j.s.SaveService: Loading file: C:\Adpro\advprog-modul7-profiling\jmeter\test_plan_3.jmx
2026-04-23 15:10:30,905 INFO o.a.j.p.h.s.HTTPSamplerBase: Parser for text/html is org.apache.jmeter.protocol.http.parser.LagartoBasedHtmlParser
2026-04-23 15:10:30,906 INFO o.a.j.p.h.s.HTTPSamplerBase: Parser for application/xhtml+xml is org.apache.jmeter.protocol.http.parser.LagartoBasedHtmlParser
2026-04-23 15:10:30,907 INFO o.a.j.p.h.s.HTTPSamplerBase: Parser for application/xml is org.apache.jmeter.protocol.http.parser.LagartoBasedHtmlParser
2026-04-23 15:10:30,907 INFO o.a.j.p.h.s.HTTPSamplerBase: Parser for text/xml is org.apache.jmeter.protocol.http.parser.LagartoBasedHtmlParser
2026-04-23 15:10:30,907 INFO o.a.j.p.h.s.HTTPSamplerBase: Parser for text/vnd.wap.wml is org.apache.jmeter.protocol.http.parser.RegexpHTMLParser
2026-04-23 15:10:30,907 INFO o.a.j.p.h.s.HTTPSamplerBase: Parser for text/css is org.apache.jmeter.protocol.http.parser.CssParser
2026-04-23 15:10:31,126 INFO o.a.j.JMeter: Creating summariser <summary>
2026-04-23 15:10:31,157 INFO o.a.j.r.d.ReportGenerator: ReportGenerator will use for Parsing the separator: ','
2026-04-23 15:10:31,157 INFO o.a.j.r.d.ReportGenerator: Will generate report at end of test from  results file: C:\Adpro\advprog-modul7-profiling\jmeter\results\test_plan_3.jtl
2026-04-23 15:10:31,157 INFO o.a.j.r.d.ReportGenerator: Reading report generator properties from: C:\Adpro\advprog-modul7-profiling\apache-jmeter-5.6.3\apache-jmeter-5.6.3\bin\reportgenerator.properties
2026-04-23 15:10:31,159 INFO o.a.j.r.d.ReportGenerator: Merging with JMeter properties
2026-04-23 15:10:31,178 INFO o.a.j.r.c.ReportGeneratorConfiguration: Property 'jmeter.reportgenerator.temp_dir' not found, using default value 'temp' instead.
2026-04-23 15:10:31,193 INFO o.a.j.r.c.ReportGeneratorConfiguration: Property 'jmeter.reportgenerator.apdex_per_transaction' not found, using default value 'null' instead.
2026-04-23 15:10:31,193 INFO o.a.j.r.c.ReportGeneratorConfiguration: apdex_per_transaction is empty, not APDEX per transaction customization
2026-04-23 15:10:31,195 INFO o.a.j.r.c.ReportGeneratorConfiguration: Property 'jmeter.reportgenerator.sample_filter' not found, using default value 'null' instead.
2026-04-23 15:10:31,195 INFO o.a.j.r.c.ReportGeneratorConfiguration: Property 'jmeter.reportgenerator.report_title' not found, using default value 'null' instead.
2026-04-23 15:10:31,195 INFO o.a.j.r.c.ReportGeneratorConfiguration: Property 'jmeter.reportgenerator.start_date' not found, using default value 'null' instead.
2026-04-23 15:10:31,195 INFO o.a.j.r.c.ReportGeneratorConfiguration: Property 'jmeter.reportgenerator.end_date' not found, using default value 'null' instead.
2026-04-23 15:10:31,195 INFO o.a.j.r.c.ReportGeneratorConfiguration: Property 'jmeter.reportgenerator.date_format' not found, using default value 'null' instead.
2026-04-23 15:10:31,198 INFO o.a.j.r.c.ReportGeneratorConfiguration: Will use date range start date: null, end date: null
2026-04-23 15:10:31,212 INFO o.a.j.r.c.ReportGeneratorConfiguration: Property 'jmeter.reportgenerator.graph.totalTPS.exclude_controllers' not found, using default value 'false' instead.
2026-04-23 15:10:31,213 INFO o.a.j.r.c.ReportGeneratorConfiguration: Property 'jmeter.reportgenerator.graph.activeThreadsOverTime.exclude_controllers' not found, using default value 'false' instead.
2026-04-23 15:10:31,213 INFO o.a.j.r.c.ReportGeneratorConfiguration: Property 'jmeter.reportgenerator.graph.timeVsThreads.exclude_controllers' not found, using default value 'false' instead.
2026-04-23 15:10:31,214 INFO o.a.j.r.c.ReportGeneratorConfiguration: Property 'jmeter.reportgenerator.graph.responseTimeDistribution.exclude_controllers' not found, using default value 'false' instead.
2026-04-23 15:10:31,214 INFO o.a.j.r.c.ReportGeneratorConfiguration: Property 'jmeter.reportgenerator.graph.transactionsPerSecond.exclude_controllers' not found, using default value 'false' instead.
2026-04-23 15:10:31,216 INFO o.a.j.r.c.ReportGeneratorConfiguration: Property 'jmeter.reportgenerator.graph.responseTimePercentiles.exclude_controllers' not found, using default value 'false' instead.
2026-04-23 15:10:31,224 INFO o.a.j.r.c.ReportGeneratorConfiguration: Property 'jmeter.reportgenerator.graph.responseTimePercentilesOverTime.exclude_controllers' not found, using default value 'false' instead.
2026-04-23 15:10:31,226 INFO o.a.j.r.c.ReportGeneratorConfiguration: Property 'jmeter.reportgenerator.graph.responseTimesOverTime.exclude_controllers' not found, using default value 'false' instead.
2026-04-23 15:10:31,228 INFO o.a.j.r.c.ReportGeneratorConfiguration: Property 'jmeter.reportgenerator.graph.connectTimeOverTime.exclude_controllers' not found, using default value 'false' instead.
2026-04-23 15:10:31,230 INFO o.a.j.r.c.ReportGeneratorConfiguration: Property 'jmeter.reportgenerator.graph.latenciesOverTime.exclude_controllers' not found, using default value 'false' instead.
2026-04-23 15:10:31,244 INFO o.a.j.r.c.ReportGeneratorConfiguration: Property 'jmeter.reportgenerator.exporter.json.filters_only_sample_series' not found, using default value 'true' instead.
2026-04-23 15:10:31,244 INFO o.a.j.r.c.ReportGeneratorConfiguration: Property 'jmeter.reportgenerator.exporter.json.series_filter' not found, using default value '' instead.
2026-04-23 15:10:31,244 INFO o.a.j.r.c.ReportGeneratorConfiguration: Property 'jmeter.reportgenerator.exporter.json.show_controllers_only' not found, using default value 'false' instead.
2026-04-23 15:10:31,247 INFO o.a.j.r.c.ReportGeneratorConfiguration: Property 'jmeter.reportgenerator.exporter.html.filters_only_sample_series' not found, using default value 'true' instead.
2026-04-23 15:10:31,247 INFO o.a.j.r.c.ReportGeneratorConfiguration: Property 'jmeter.reportgenerator.exporter.html.series_filter' not found, using default value '' instead.
2026-04-23 15:10:31,247 INFO o.a.j.r.c.ReportGeneratorConfiguration: Property 'jmeter.reportgenerator.exporter.html.show_controllers_only' not found, using default value 'false' instead.
2026-04-23 15:10:31,325 INFO o.a.j.e.StandardJMeterEngine: Running the test!
2026-04-23 15:10:31,327 INFO o.a.j.s.SampleEvent: List of sample_variables: []
2026-04-23 15:10:31,327 INFO o.a.j.s.SampleEvent: List of sample_variables: []
2026-04-23 15:10:31,343 INFO o.a.j.e.u.CompoundVariable: Note: Function class names must contain the string: '.functions.'
2026-04-23 15:10:31,344 INFO o.a.j.e.u.CompoundVariable: Note: Function class names must not contain the string: '.gui.'
2026-04-23 15:10:31,778 INFO o.a.j.JMeter: Running test (1776931831778)
2026-04-23 15:10:31,827 INFO o.a.j.e.StandardJMeterEngine: Starting ThreadGroup: 1 : Thread Group
2026-04-23 15:10:31,827 INFO o.a.j.e.StandardJMeterEngine: Starting 10 threads for group Thread Group.
2026-04-23 15:10:31,828 INFO o.a.j.e.StandardJMeterEngine: Thread will continue on error
2026-04-23 15:10:31,828 INFO o.a.j.t.ThreadGroup: Starting thread group... number=1 threads=10 ramp-up=1 delayedStart=false
2026-04-23 15:10:31,847 INFO o.a.j.t.ThreadGroup: Started thread group number 1
2026-04-23 15:10:31,847 INFO o.a.j.e.StandardJMeterEngine: All thread groups have been started
2026-04-23 15:10:31,849 INFO o.a.j.t.JMeterThread: Thread started: Thread Group 1-1
2026-04-23 15:10:31,904 INFO o.a.j.p.h.s.HTTPHCAbstractImpl: Local host = soelistiono
2026-04-23 15:10:31,923 INFO o.a.j.p.h.s.HTTPHC4Impl: HTTP request retry count = 0
2026-04-23 15:10:31,928 INFO o.a.j.s.SampleResult: Note: Sample TimeStamps are START times
2026-04-23 15:10:31,929 INFO o.a.j.s.SampleResult: sampleresult.default.encoding is set to UTF-8
2026-04-23 15:10:31,929 INFO o.a.j.s.SampleResult: sampleresult.useNanoTime=true
2026-04-23 15:10:31,929 INFO o.a.j.s.SampleResult: sampleresult.nanoThreadSleep=5000
2026-04-23 15:10:31,940 INFO o.a.j.t.JMeterThread: Thread started: Thread Group 1-2
2026-04-23 15:10:32,038 INFO o.a.j.t.JMeterThread: Thread started: Thread Group 1-3
2026-04-23 15:10:32,138 INFO o.a.j.t.JMeterThread: Thread started: Thread Group 1-4
2026-04-23 15:10:32,236 INFO o.a.j.t.JMeterThread: Thread started: Thread Group 1-5
2026-04-23 15:10:32,337 INFO o.a.j.t.JMeterThread: Thread started: Thread Group 1-6
2026-04-23 15:10:32,436 INFO o.a.j.t.JMeterThread: Thread started: Thread Group 1-7
2026-04-23 15:10:32,535 INFO o.a.j.t.JMeterThread: Thread started: Thread Group 1-8
2026-04-23 15:10:32,572 INFO o.a.j.t.JMeterThread: Thread is done: Thread Group 1-5
2026-04-23 15:10:32,572 INFO o.a.j.t.JMeterThread: Thread is done: Thread Group 1-1
2026-04-23 15:10:32,572 INFO o.a.j.t.JMeterThread: Thread is done: Thread Group 1-6
2026-04-23 15:10:32,572 INFO o.a.j.t.JMeterThread: Thread is done: Thread Group 1-2
2026-04-23 15:10:32,572 INFO o.a.j.t.JMeterThread: Thread finished: Thread Group 1-5
2026-04-23 15:10:32,572 INFO o.a.j.t.JMeterThread: Thread is done: Thread Group 1-7
2026-04-23 15:10:32,572 INFO o.a.j.t.JMeterThread: Thread finished: Thread Group 1-1
2026-04-23 15:10:32,573 INFO o.a.j.t.JMeterThread: Thread finished: Thread Group 1-6
2026-04-23 15:10:32,572 INFO o.a.j.t.JMeterThread: Thread is done: Thread Group 1-4
2026-04-23 15:10:32,573 INFO o.a.j.t.JMeterThread: Thread finished: Thread Group 1-7
2026-04-23 15:10:32,573 INFO o.a.j.t.JMeterThread: Thread finished: Thread Group 1-4
2026-04-23 15:10:32,573 INFO o.a.j.t.JMeterThread: Thread finished: Thread Group 1-2
2026-04-23 15:10:32,578 INFO o.a.j.r.Summariser: summary +      1 in 00:00:01 =    1.3/s Avg:   394 Min:   394 Max:   394 Err:     0 (0.00%) Active: 2 Started: 8 Finished: 6
2026-04-23 15:10:32,579 INFO o.a.j.t.JMeterThread: Thread is done: Thread Group 1-3
2026-04-23 15:10:32,580 INFO o.a.j.t.JMeterThread: Thread finished: Thread Group 1-3
2026-04-23 15:10:32,584 INFO o.a.j.t.JMeterThread: Thread is done: Thread Group 1-8
2026-04-23 15:10:32,584 INFO o.a.j.t.JMeterThread: Thread finished: Thread Group 1-8
2026-04-23 15:10:32,637 INFO o.a.j.t.JMeterThread: Thread started: Thread Group 1-9
2026-04-23 15:10:32,664 INFO o.a.j.t.JMeterThread: Thread is done: Thread Group 1-9
2026-04-23 15:10:32,664 INFO o.a.j.t.JMeterThread: Thread finished: Thread Group 1-9
2026-04-23 15:10:32,734 INFO o.a.j.t.JMeterThread: Thread started: Thread Group 1-10
2026-04-23 15:10:32,777 INFO o.a.j.t.JMeterThread: Thread is done: Thread Group 1-10
2026-04-23 15:10:32,778 INFO o.a.j.t.JMeterThread: Thread finished: Thread Group 1-10
2026-04-23 15:10:32,779 INFO o.a.j.e.StandardJMeterEngine: Notifying test listeners of end of test
2026-04-23 15:10:32,782 INFO o.a.j.r.Summariser: summary +      9 in 00:00:00 =   42.9/s Avg:   218 Min:    24 Max:   394 Err:     0 (0.00%) Active: 0 Started: 10 Finished: 10
2026-04-23 15:10:32,784 INFO o.a.j.r.Summariser: summary =     10 in 00:00:01 =   10.0/s Avg:   236 Min:    24 Max:   394 Err:     0 (0.00%)
2026-04-23 15:10:32,785 INFO o.a.j.JMeter: Generating Dashboard
2026-04-23 15:10:32,785 INFO o.a.j.r.d.ReportGenerator: Flushing result collector before report Generation
2026-04-23 15:10:32,821 INFO o.a.j.r.p.NormalizerSampleConsumer: Using format, 'ms', to parse timeStamp field
2026-04-23 15:10:33,042 INFO o.a.j.r.p.AbstractSampleConsumer: class org.apache.jmeter.report.processor.AggregateConsumer#stopProducing(): beginDate produced 0 samples
2026-04-23 15:10:33,042 INFO o.a.j.r.p.AbstractSampleConsumer: class org.apache.jmeter.report.processor.AggregateConsumer#stopProducing(): endDate produced 0 samples
2026-04-23 15:10:33,047 INFO o.a.j.r.p.AbstractSampleConsumer: class org.apache.jmeter.report.processor.ApdexSummaryConsumer#stopProducing(): apdexSummary produced 0 samples
2026-04-23 15:10:33,048 INFO o.a.j.r.p.AbstractSampleConsumer: class org.apache.jmeter.report.processor.RequestsSummaryConsumer#stopProducing(): requestsSummary produced 0 samples
2026-04-23 15:10:33,062 INFO o.a.j.r.p.AbstractSampleConsumer: class org.apache.jmeter.report.processor.StatisticsSummaryConsumer#stopProducing(): statisticsSummary produced 0 samples
2026-04-23 15:10:33,067 INFO o.a.j.r.p.AbstractSampleConsumer: class org.apache.jmeter.report.processor.Top5ErrorsBySamplerConsumer#stopProducing(): top5ErrorsBySampler produced 0 samples
2026-04-23 15:10:33,068 INFO o.a.j.r.p.AbstractSampleConsumer: class org.apache.jmeter.report.processor.ErrorsSummaryConsumer#stopProducing(): errorsSummary produced 0 samples
2026-04-23 15:10:33,068 INFO o.a.j.r.p.AbstractSampleConsumer: class org.apache.jmeter.report.processor.graph.impl.HitsPerSecondGraphConsumer#stopProducing(): hitsPerSecond produced 0 samples
2026-04-23 15:10:33,102 INFO o.a.j.r.p.AbstractSampleConsumer: class org.apache.jmeter.report.processor.graph.impl.LatencyVSRequestGraphConsumer#stopProducing(): latencyVsRequest produced 0 samples
2026-04-23 15:10:33,102 INFO o.a.j.r.p.AbstractSampleConsumer: class org.apache.jmeter.report.processor.graph.impl.SyntheticResponseTimeDistributionGraphConsumer#stopProducing(): syntheticResponseTimeDistribution produced 0 samples
2026-04-23 15:10:33,102 INFO o.a.j.r.p.AbstractSampleConsumer: class org.apache.jmeter.report.processor.graph.impl.BytesThroughputGraphConsumer#stopProducing(): bytesThroughputOverTime produced 0 samples
2026-04-23 15:10:33,102 INFO o.a.j.r.p.AbstractSampleConsumer: class org.apache.jmeter.report.processor.graph.impl.CodesPerSecondGraphConsumer#stopProducing(): codesPerSecond produced 0 samples
2026-04-23 15:10:33,112 INFO o.a.j.r.p.AbstractSampleConsumer: class org.apache.jmeter.report.processor.graph.impl.ResponseTimeVSRequestGraphConsumer#stopProducing(): responseTimeVsRequest produced 0 samples
2026-04-23 15:10:33,112 INFO o.a.j.r.p.AbstractSampleConsumer: class org.apache.jmeter.report.processor.FilterConsumer#stopProducing(): startIntervalControlerFilter produced 70 samples
2026-04-23 15:10:33,116 INFO o.a.j.r.p.AbstractSampleConsumer: class org.apache.jmeter.report.processor.graph.impl.TotalTPSGraphConsumer#stopProducing(): totalTPS produced 0 samples
2026-04-23 15:10:33,117 INFO o.a.j.r.p.AbstractSampleConsumer: class org.apache.jmeter.report.processor.graph.impl.ActiveThreadsGraphConsumer#stopProducing(): activeThreadsOverTime produced 0 samples
2026-04-23 15:10:33,117 INFO o.a.j.r.p.AbstractSampleConsumer: class org.apache.jmeter.report.processor.graph.impl.TimeVSThreadGraphConsumer#stopProducing(): timeVsThreads produced 0 samples
2026-04-23 15:10:33,117 INFO o.a.j.r.p.AbstractSampleConsumer: class org.apache.jmeter.report.processor.graph.impl.ResponseTimeDistributionGraphConsumer#stopProducing(): responseTimeDistribution produced 0 samples
2026-04-23 15:10:33,118 INFO o.a.j.r.p.AbstractSampleConsumer: class org.apache.jmeter.report.processor.graph.impl.TransactionsPerSecondGraphConsumer#stopProducing(): transactionsPerSecond produced 0 samples
2026-04-23 15:10:33,118 INFO o.a.j.r.p.AbstractSampleConsumer: class org.apache.jmeter.report.processor.graph.impl.ResponseTimePercentilesGraphConsumer#stopProducing(): responseTimePercentiles produced 0 samples
2026-04-23 15:10:33,119 INFO o.a.j.r.p.AbstractSampleConsumer: class org.apache.jmeter.report.processor.graph.impl.ResponseTimePercentilesOverTimeGraphConsumer#stopProducing(): responseTimePercentilesOverTime produced 0 samples
2026-04-23 15:10:33,119 INFO o.a.j.r.p.AbstractSampleConsumer: class org.apache.jmeter.report.processor.graph.impl.ResponseTimeOverTimeGraphConsumer#stopProducing(): responseTimesOverTime produced 0 samples
2026-04-23 15:10:33,119 INFO o.a.j.r.p.AbstractSampleConsumer: class org.apache.jmeter.report.processor.graph.impl.ConnectTimeOverTimeGraphConsumer#stopProducing(): connectTimeOverTime produced 0 samples
2026-04-23 15:10:33,119 INFO o.a.j.r.p.AbstractSampleConsumer: class org.apache.jmeter.report.processor.graph.impl.LatencyOverTimeGraphConsumer#stopProducing(): latenciesOverTime produced 0 samples
2026-04-23 15:10:33,119 INFO o.a.j.r.p.AbstractSampleConsumer: class org.apache.jmeter.report.processor.FilterConsumer#stopProducing(): nameFilter produced 150 samples
2026-04-23 15:10:33,119 INFO o.a.j.r.p.AbstractSampleConsumer: class org.apache.jmeter.report.processor.FilterConsumer#stopProducing(): dateRangeFilter produced 30 samples
2026-04-23 15:10:33,119 INFO o.a.j.r.p.AbstractSampleConsumer: class org.apache.jmeter.report.processor.NormalizerSampleConsumer#stopProducing(): normalizer produced 10 samples
2026-04-23 15:10:33,120 INFO o.a.j.r.p.CsvFileSampleSource: produce(): 10 samples produced in 223ms on channel 0
2026-04-23 15:10:33,121 INFO o.a.j.r.d.ReportGenerator: Exporting data using exporter:'json' of className:'org.apache.jmeter.report.dashboard.JsonExporter'
2026-04-23 15:10:33,300 INFO o.a.j.r.d.JsonExporter: Found data for consumer statisticsSummary in context
2026-04-23 15:10:33,300 INFO o.a.j.r.d.JsonExporter: Creating statistics for overall
2026-04-23 15:10:33,301 INFO o.a.j.r.d.JsonExporter: Creating statistics for other transactions
2026-04-23 15:10:33,302 INFO o.a.j.r.d.JsonExporter: Checking output folder
2026-04-23 15:10:33,304 INFO o.a.j.r.d.JsonExporter: Writing statistics JSON to C:\Adpro\advprog-modul7-profiling\jmeter\results\test_plan_3-dashboard\statistics.json
2026-04-23 15:10:33,450 INFO o.a.j.r.d.ReportGenerator: Exporting data using exporter:'html' of className:'org.apache.jmeter.report.dashboard.HtmlTemplateExporter'
2026-04-23 15:10:33,458 INFO o.a.j.r.d.HtmlTemplateExporter: Will generate dashboard in folder: C:\Adpro\advprog-modul7-profiling\jmeter\results\test_plan_3-dashboard
2026-04-23 15:10:33,889 INFO o.a.j.r.d.HtmlTemplateExporter: Report will be generated in: C:\Adpro\advprog-modul7-profiling\jmeter\results\test_plan_3-dashboard, creating folder structure
2026-04-23 15:10:33,897 INFO o.a.j.r.d.TemplateVisitor: Copying folder from 'C:\Adpro\advprog-modul7-profiling\apache-jmeter-5.6.3\apache-jmeter-5.6.3\bin\report-template' to 'C:\Adpro\advprog-modul7-profiling\jmeter\results\test_plan_3-dashboard', got message: C:\Adpro\advprog-modul7-profiling\jmeter\results\test_plan_3-dashboard, found non empty folder with following content [C:\Adpro\advprog-modul7-profiling\jmeter\results\test_plan_3-dashboard\statistics.json], will be ignored
2026-04-23 15:10:35,345 INFO o.a.j.JMeter: Dashboard generated
